================================================================================
COMPREHENSIVE MATCHER TEST SUITE
================================================================================

📊 Generating mappings...
✅ Mapped: 26/47 columns (55.3%)
📈 Average confidence: 0.936

================================================================================
MATCHER USAGE ANALYSIS
================================================================================

Total unique matchers used: 6

ExactPrefLabelMatcher:
  Count: 8
  Examples:
    • EmployeeID → employeeID (1.00)
      via: Employee ID
    • Employee ID → employeeID (1.00)
      via: Employee ID
    • identifier → hasIdentifier (1.00)
      via: Identifier

SemanticSimilarityMatcher:
  Count: 6
  Examples:
    • middle → middleName (0.94)
      via: embedding (phrase=0.343; token=0.825; id_boost=0.070)
    • super_id → departmentID (0.78)
      via: embedding (phrase=0.516; token=0.709; id_boost=0.070)
    • generic_name → hasName (0.88)
      via: embedding (phrase=0.407; token=0.826)

ExactAltLabelMatcher:
  Count: 6
  Examples:
    • Birth Date → dateOfBirth (0.95)
      via: Birth Date
    • EmpID → employeeID (0.95)
      via: Emp ID
    • value → hasAmount (0.95)
      via: Value

ExactRdfsLabelMatcher:
  Count: 3
  Examples:
    • First Name → firstName (1.00)
      via: first name
    • Last Name → lastName (1.00)
      via: last name
    • Age → age (1.00)
      via: age

ExactHiddenLabelMatcher:
  Count: 2
  Examples:
    • emp_num → employeeNumber (0.90)
      via: emp_num
    • adrs → address (0.90)
      via: adrs

OWLCharacteristicsMatcher:
  Count: 1
  Examples:
    • ref → employeeNumber (0.80)
      via: OWL characteristics: label match: 'Internal reference number for employee records' + IFP validated: 100% unique

================================================================================
VALIDATION CHECKS
================================================================================

⚠️  Missing matchers: PropertyHierarchyMatcher, ExactLocalNameMatcher, RelationshipMatcher, LexicalMatcher, ObjectPropertyMatcher

Confidence range: 0.77 - 1.00
⚠️  Found confidence >= 0.99: 1.00

📄 Detailed report saved to: examples/comprehensive_test/test_results.json

📄 Alignment report saved to: examples/comprehensive_test/alignment_report.json
📄 HTML report saved to: examples/comprehensive_test/alignment_report.html

================================================================================
TEST COMPLETE
================================================================================
